Java HotSpot(TM) 64-Bit Server VM (25.144-b01) for linux-amd64 JRE (1.8.0_144-b01), built on Jul 21 2017 21:57:33 by "java_re" with gcc 4.3.0 20080428 (Red Hat 4.3.0-8)
Memory: 4k page, physical 8164072k(149428k free), swap 4191228k(4144544k free)
CommandLine flags: -XX:+DisableExplicitGC -XX:InitialHeapSize=1073741824 -XX:InitiatingHeapOccupancyPercent=35 -XX:+ManagementServer -XX:MaxGCPauseMillis=20 -XX:MaxHeapSize=1073741824 -XX:+PrintGC -XX:+PrintGCDateStamps -XX:+PrintGCDetails -XX:+PrintGCTimeStamps -XX:+UseCompressedClassPointers -XX:+UseCompressedOops -XX:+UseG1GC 
2017-08-07T23:53:43.990-0700: 2.162: [GC pause (G1 Evacuation Pause) (young), 0.0321885 secs]
   [Parallel Time: 19.9 ms, GC Workers: 2]
      [GC Worker Start (ms): Min: 2162.0, Avg: 2163.0, Max: 2163.9, Diff: 1.8]
      [Ext Root Scanning (ms): Min: 2.1, Avg: 2.8, Max: 3.5, Diff: 1.4, Sum: 5.5]
      [Update RS (ms): Min: 0.0, Avg: 0.0, Max: 0.0, Diff: 0.0, Sum: 0.0]
         [Processed Buffers: Min: 0, Avg: 0.0, Max: 0, Diff: 0, Sum: 0]
      [Scan RS (ms): Min: 0.0, Avg: 0.0, Max: 0.0, Diff: 0.0, Sum: 0.1]
      [Code Root Scanning (ms): Min: 0.3, Avg: 0.4, Max: 0.6, Diff: 0.3, Sum: 0.9]
      [Object Copy (ms): Min: 8.3, Avg: 11.3, Max: 14.2, Diff: 5.9, Sum: 22.5]
      [Termination (ms): Min: 0.0, Avg: 3.3, Max: 6.7, Diff: 6.7, Sum: 6.7]
         [Termination Attempts: Min: 1, Avg: 1.0, Max: 1, Diff: 0, Sum: 2]
      [GC Worker Other (ms): Min: 0.0, Avg: 0.0, Max: 0.0, Diff: 0.0, Sum: 0.0]
      [GC Worker Total (ms): Min: 16.9, Avg: 17.9, Max: 18.8, Diff: 1.9, Sum: 35.7]
      [GC Worker End (ms): Min: 2180.8, Avg: 2180.8, Max: 2180.8, Diff: 0.0]
   [Code Root Fixup: 0.2 ms]
   [Code Root Purge: 0.0 ms]
   [Clear CT: 1.5 ms]
   [Other: 10.6 ms]
      [Choose CSet: 0.0 ms]
      [Ref Proc: 10.1 ms]
      [Ref Enq: 0.0 ms]
      [Redirty Cards: 0.0 ms]
      [Humongous Register: 0.1 ms]
      [Humongous Reclaim: 0.0 ms]
      [Free CSet: 0.1 ms]
   [Eden: 51.0M(51.0M)->0.0B(44.0M) Survivors: 0.0B->7168.0K Heap: 179.0M(1024.0M)->136.4M(1024.0M)]
 [Times: user=0.02 sys=0.01, real=0.03 secs] 
2017-08-08T00:05:03.127-0700: 681.299: [GC pause (G1 Evacuation Pause) (young), 0.0396192 secs]
   [Parallel Time: 32.6 ms, GC Workers: 2]
      [GC Worker Start (ms): Min: 681299.5, Avg: 681302.1, Max: 681304.8, Diff: 5.4]
      [Ext Root Scanning (ms): Min: 0.0, Avg: 1.8, Max: 3.6, Diff: 3.6, Sum: 3.6]
      [Update RS (ms): Min: 0.0, Avg: 0.2, Max: 0.4, Diff: 0.4, Sum: 0.4]
         [Processed Buffers: Min: 0, Avg: 1.0, Max: 2, Diff: 2, Sum: 2]
      [Scan RS (ms): Min: 0.0, Avg: 0.0, Max: 0.0, Diff: 0.0, Sum: 0.1]
      [Code Root Scanning (ms): Min: 5.3, Avg: 7.8, Max: 10.3, Diff: 5.0, Sum: 15.6]
      [Object Copy (ms): Min: 18.1, Avg: 19.9, Max: 21.7, Diff: 3.5, Sum: 39.8]
      [Termination (ms): Min: 0.0, Avg: 0.1, Max: 0.2, Diff: 0.2, Sum: 0.2]
         [Termination Attempts: Min: 1, Avg: 1.0, Max: 1, Diff: 0, Sum: 2]
      [GC Worker Other (ms): Min: 0.0, Avg: 0.0, Max: 0.0, Diff: 0.0, Sum: 0.0]
      [GC Worker Total (ms): Min: 27.2, Avg: 29.9, Max: 32.5, Diff: 5.4, Sum: 59.7]
      [GC Worker End (ms): Min: 681332.0, Avg: 681332.0, Max: 681332.0, Diff: 0.0]
   [Code Root Fixup: 0.5 ms]
   [Code Root Purge: 0.0 ms]
   [Clear CT: 0.0 ms]
   [Other: 6.5 ms]
      [Choose CSet: 0.0 ms]
      [Ref Proc: 5.9 ms]
      [Ref Enq: 0.0 ms]
      [Redirty Cards: 0.0 ms]
      [Humongous Register: 0.1 ms]
      [Humongous Reclaim: 0.0 ms]
      [Free CSet: 0.1 ms]
   [Eden: 44.0M(44.0M)->0.0B(44.0M) Survivors: 7168.0K->7168.0K Heap: 180.4M(1024.0M)->137.8M(1024.0M)]
 [Times: user=0.03 sys=0.00, real=0.04 secs] 
2017-08-08T01:31:59.109-0700: 5897.281: [GC pause (G1 Evacuation Pause) (young), 0.0334282 secs]
   [Parallel Time: 31.4 ms, GC Workers: 2]
      [GC Worker Start (ms): Min: 5897281.4, Avg: 5897283.2, Max: 5897284.9, Diff: 3.4]
      [Ext Root Scanning (ms): Min: 0.4, Avg: 3.8, Max: 7.2, Diff: 6.7, Sum: 7.6]
      [Update RS (ms): Min: 0.0, Avg: 0.2, Max: 0.4, Diff: 0.4, Sum: 0.4]
         [Processed Buffers: Min: 0, Avg: 1.0, Max: 2, Diff: 2, Sum: 2]
      [Scan RS (ms): Min: 0.0, Avg: 0.2, Max: 0.4, Diff: 0.4, Sum: 0.4]
      [Code Root Scanning (ms): Min: 0.0, Avg: 3.9, Max: 7.7, Diff: 7.7, Sum: 7.7]
      [Object Copy (ms): Min: 14.7, Avg: 19.4, Max: 24.1, Diff: 9.4, Sum: 38.9]
      [Termination (ms): Min: 0.0, Avg: 2.1, Max: 4.2, Diff: 4.2, Sum: 4.2]
         [Termination Attempts: Min: 1, Avg: 1.0, Max: 1, Diff: 0, Sum: 2]
      [GC Worker Other (ms): Min: 0.0, Avg: 0.0, Max: 0.0, Diff: 0.0, Sum: 0.1]
      [GC Worker Total (ms): Min: 27.9, Avg: 29.7, Max: 31.4, Diff: 3.4, Sum: 59.3]
      [GC Worker End (ms): Min: 5897312.8, Avg: 5897312.8, Max: 5897312.8, Diff: 0.0]
   [Code Root Fixup: 0.7 ms]
   [Code Root Purge: 0.0 ms]
   [Clear CT: 0.1 ms]
   [Other: 1.3 ms]
      [Choose CSet: 0.0 ms]
      [Ref Proc: 0.6 ms]
      [Ref Enq: 0.0 ms]
      [Redirty Cards: 0.0 ms]
      [Humongous Register: 0.1 ms]
      [Humongous Reclaim: 0.0 ms]
      [Free CSet: 0.1 ms]
   [Eden: 44.0M(44.0M)->0.0B(48.0M) Survivors: 7168.0K->3072.0K Heap: 181.8M(1024.0M)->137.5M(1024.0M)]
 [Times: user=0.03 sys=0.00, real=0.03 secs] 
2017-08-08T02:03:47.909-0700: 7806.081: [GC pause (Metadata GC Threshold) (young) (initial-mark), 0.0225426 secs]
   [Parallel Time: 21.7 ms, GC Workers: 2]
      [GC Worker Start (ms): Min: 7806081.2, Avg: 7806081.2, Max: 7806081.2, Diff: 0.0]
      [Ext Root Scanning (ms): Min: 17.0, Avg: 17.0, Max: 17.0, Diff: 0.0, Sum: 34.0]
      [Update RS (ms): Min: 0.8, Avg: 0.9, Max: 1.0, Diff: 0.2, Sum: 1.8]
         [Processed Buffers: Min: 2, Avg: 8.0, Max: 14, Diff: 12, Sum: 16]
      [Scan RS (ms): Min: 0.5, Avg: 0.6, Max: 0.7, Diff: 0.2, Sum: 1.2]
      [Code Root Scanning (ms): Min: 0.0, Avg: 0.2, Max: 0.4, Diff: 0.4, Sum: 0.4]
      [Object Copy (ms): Min: 2.6, Avg: 2.8, Max: 3.0, Diff: 0.5, Sum: 5.6]
      [Termination (ms): Min: 0.0, Avg: 0.0, Max: 0.0, Diff: 0.0, Sum: 0.0]
         [Termination Attempts: Min: 1, Avg: 1.0, Max: 1, Diff: 0, Sum: 2]
      [GC Worker Other (ms): Min: 0.0, Avg: 0.0, Max: 0.0, Diff: 0.0, Sum: 0.0]
      [GC Worker Total (ms): Min: 21.6, Avg: 21.6, Max: 21.6, Diff: 0.0, Sum: 43.1]
      [GC Worker End (ms): Min: 7806102.7, Avg: 7806102.7, Max: 7806102.7, Diff: 0.0]
   [Code Root Fixup: 0.1 ms]
   [Code Root Purge: 0.0 ms]
   [Clear CT: 0.1 ms]
   [Other: 0.7 ms]
      [Choose CSet: 0.0 ms]
      [Ref Proc: 0.2 ms]
      [Ref Enq: 0.0 ms]
      [Redirty Cards: 0.1 ms]
      [Humongous Register: 0.0 ms]
      [Humongous Reclaim: 0.0 ms]
      [Free CSet: 0.0 ms]
   [Eden: 19.0M(48.0M)->0.0B(49.0M) Survivors: 3072.0K->2048.0K Heap: 156.5M(1024.0M)->137.0M(1024.0M)]
 [Times: user=0.01 sys=0.01, real=0.02 secs] 
2017-08-08T02:03:47.932-0700: 7806.104: [GC concurrent-root-region-scan-start]
2017-08-08T02:03:47.935-0700: 7806.107: [GC concurrent-root-region-scan-end, 0.0033948 secs]
2017-08-08T02:03:47.935-0700: 7806.107: [GC concurrent-mark-start]
2017-08-08T02:03:47.955-0700: 7806.127: [GC concurrent-mark-end, 0.0194554 secs]
2017-08-08T02:03:47.955-0700: 7806.127: [GC remark 2017-08-08T02:03:47.955-0700: 7806.127: [Finalize Marking, 0.0002372 secs] 2017-08-08T02:03:47.955-0700: 7806.127: [GC ref-proc, 0.0002590 secs] 2017-08-08T02:03:47.955-0700: 7806.127: [Unloading, 0.0059617 secs], 0.0087924 secs]
 [Times: user=0.02 sys=0.00, real=0.01 secs] 
2017-08-08T02:03:47.964-0700: 7806.136: [GC cleanup 137M->134M(1024M), 0.0017503 secs]
 [Times: user=0.00 sys=0.00, real=0.01 secs] 
2017-08-08T02:03:47.966-0700: 7806.138: [GC concurrent-cleanup-start]
2017-08-08T02:03:47.966-0700: 7806.138: [GC concurrent-cleanup-end, 0.0000179 secs]
2017-08-08T02:46:08.686-0700: 10346.857: [GC pause (G1 Evacuation Pause) (young), 0.2221033 secs]
   [Parallel Time: 66.9 ms, GC Workers: 2]
      [GC Worker Start (ms): Min: 10346950.2, Avg: 10346950.3, Max: 10346950.3, Diff: 0.1]
      [Ext Root Scanning (ms): Min: 31.1, Avg: 41.1, Max: 51.2, Diff: 20.2, Sum: 82.3]
      [Update RS (ms): Min: 0.0, Avg: 9.6, Max: 19.1, Diff: 19.1, Sum: 19.1]
         [Processed Buffers: Min: 0, Avg: 9.5, Max: 19, Diff: 19, Sum: 19]
      [Scan RS (ms): Min: 0.0, Avg: 0.0, Max: 0.0, Diff: 0.0, Sum: 0.1]
      [Code Root Scanning (ms): Min: 0.0, Avg: 1.1, Max: 2.2, Diff: 2.2, Sum: 2.2]
      [Object Copy (ms): Min: 13.4, Avg: 14.0, Max: 14.6, Diff: 1.2, Sum: 28.0]
      [Termination (ms): Min: 0.0, Avg: 0.0, Max: 0.0, Diff: 0.0, Sum: 0.0]
         [Termination Attempts: Min: 1, Avg: 1.0, Max: 1, Diff: 0, Sum: 2]
      [GC Worker Other (ms): Min: 0.0, Avg: 0.0, Max: 0.0, Diff: 0.0, Sum: 0.0]
      [GC Worker Total (ms): Min: 65.8, Avg: 65.9, Max: 65.9, Diff: 0.1, Sum: 131.7]
      [GC Worker End (ms): Min: 10347016.1, Avg: 10347016.1, Max: 10347016.1, Diff: 0.0]
   [Code Root Fixup: 0.2 ms]
   [Code Root Purge: 3.2 ms]
   [Clear CT: 58.6 ms]
   [Other: 93.3 ms]
      [Choose CSet: 0.0 ms]
      [Ref Proc: 1.1 ms]
      [Ref Enq: 0.0 ms]
      [Redirty Cards: 0.1 ms]
      [Humongous Register: 6.9 ms]
      [Humongous Reclaim: 0.0 ms]
      [Free CSet: 0.1 ms]
   [Eden: 49.0M(49.0M)->0.0B(48.0M) Survivors: 2048.0K->3072.0K Heap: 183.0M(1024.0M)->134.9M(1024.0M)]
 [Times: user=0.00 sys=0.01, real=0.24 secs] 
2017-08-08T03:40:33.559-0700: 13611.731: [GC pause (G1 Evacuation Pause) (young), 0.0133914 secs]
   [Parallel Time: 5.3 ms, GC Workers: 2]
      [GC Worker Start (ms): Min: 13611737.6, Avg: 13611737.6, Max: 13611737.6, Diff: 0.0]
      [Ext Root Scanning (ms): Min: 1.1, Avg: 1.1, Max: 1.2, Diff: 0.1, Sum: 2.3]
      [Update RS (ms): Min: 0.6, Avg: 0.6, Max: 0.7, Diff: 0.0, Sum: 1.3]
         [Processed Buffers: Min: 1, Avg: 5.5, Max: 10, Diff: 9, Sum: 11]
      [Scan RS (ms): Min: 0.0, Avg: 0.0, Max: 0.0, Diff: 0.0, Sum: 0.0]
      [Code Root Scanning (ms): Min: 0.0, Avg: 0.2, Max: 0.5, Diff: 0.5, Sum: 0.5]
      [Object Copy (ms): Min: 3.0, Avg: 3.2, Max: 3.4, Diff: 0.4, Sum: 6.4]
      [Termination (ms): Min: 0.0, Avg: 0.0, Max: 0.0, Diff: 0.0, Sum: 0.0]
         [Termination Attempts: Min: 1, Avg: 1.0, Max: 1, Diff: 0, Sum: 2]
      [GC Worker Other (ms): Min: 0.0, Avg: 0.0, Max: 0.0, Diff: 0.0, Sum: 0.0]
      [GC Worker Total (ms): Min: 5.3, Avg: 5.3, Max: 5.3, Diff: 0.0, Sum: 10.6]
      [GC Worker End (ms): Min: 13611742.9, Avg: 13611742.9, Max: 13611742.9, Diff: 0.0]
   [Code Root Fixup: 0.2 ms]
   [Code Root Purge: 0.0 ms]
   [Clear CT: 0.1 ms]
   [Other: 7.8 ms]
      [Choose CSet: 0.0 ms]
      [Ref Proc: 0.7 ms]
      [Ref Enq: 0.0 ms]
      [Redirty Cards: 0.1 ms]
      [Humongous Register: 6.8 ms]
      [Humongous Reclaim: 0.0 ms]
      [Free CSet: 0.1 ms]
   [Eden: 48.0M(48.0M)->0.0B(48.0M) Survivors: 3072.0K->3072.0K Heap: 182.9M(1024.0M)->134.5M(1024.0M)]
 [Times: user=0.01 sys=0.00, real=0.03 secs] 
2017-08-08T04:36:27.911-0700: 16966.082: [GC pause (G1 Evacuation Pause) (young), 0.0106465 secs]
   [Parallel Time: 7.5 ms, GC Workers: 2]
      [GC Worker Start (ms): Min: 16966084.9, Avg: 16966084.9, Max: 16966084.9, Diff: 0.0]
      [Ext Root Scanning (ms): Min: 3.4, Avg: 3.4, Max: 3.5, Diff: 0.1, Sum: 6.9]
      [Update RS (ms): Min: 2.1, Avg: 2.1, Max: 2.1, Diff: 0.0, Sum: 4.2]
         [Processed Buffers: Min: 1, Avg: 5.0, Max: 9, Diff: 8, Sum: 10]
      [Scan RS (ms): Min: 0.0, Avg: 0.0, Max: 0.0, Diff: 0.0, Sum: 0.0]
      [Code Root Scanning (ms): Min: 0.0, Avg: 0.1, Max: 0.3, Diff: 0.3, Sum: 0.3]
      [Object Copy (ms): Min: 1.5, Avg: 1.7, Max: 1.9, Diff: 0.4, Sum: 3.4]
      [Termination (ms): Min: 0.0, Avg: 0.0, Max: 0.0, Diff: 0.0, Sum: 0.0]
         [Termination Attempts: Min: 1, Avg: 1.0, Max: 1, Diff: 0, Sum: 2]
      [GC Worker Other (ms): Min: 0.0, Avg: 0.0, Max: 0.0, Diff: 0.0, Sum: 0.0]
      [GC Worker Total (ms): Min: 7.4, Avg: 7.4, Max: 7.4, Diff: 0.0, Sum: 14.9]
      [GC Worker End (ms): Min: 16966092.4, Avg: 16966092.4, Max: 16966092.4, Diff: 0.0]
   [Code Root Fixup: 0.1 ms]
   [Code Root Purge: 0.0 ms]
   [Clear CT: 0.0 ms]
   [Other: 3.0 ms]
      [Choose CSet: 0.0 ms]
      [Ref Proc: 0.4 ms]
      [Ref Enq: 0.0 ms]
      [Redirty Cards: 0.0 ms]
      [Humongous Register: 0.0 ms]
      [Humongous Reclaim: 0.0 ms]
      [Free CSet: 0.0 ms]
   [Eden: 48.0M(48.0M)->0.0B(48.0M) Survivors: 3072.0K->3072.0K Heap: 182.5M(1024.0M)->134.5M(1024.0M)]
 [Times: user=0.00 sys=0.00, real=0.02 secs] 
2017-08-08T05:32:41.642-0700: 20339.814: [GC pause (G1 Evacuation Pause) (young), 0.0105171 secs]
   [Parallel Time: 5.0 ms, GC Workers: 2]
      [GC Worker Start (ms): Min: 20339814.2, Avg: 20339814.2, Max: 20339814.2, Diff: 0.0]
      [Ext Root Scanning (ms): Min: 0.9, Avg: 1.0, Max: 1.1, Diff: 0.1, Sum: 2.0]
      [Update RS (ms): Min: 0.6, Avg: 0.6, Max: 0.7, Diff: 0.1, Sum: 1.3]
         [Processed Buffers: Min: 4, Avg: 5.0, Max: 6, Diff: 2, Sum: 10]
      [Scan RS (ms): Min: 0.0, Avg: 0.0, Max: 0.0, Diff: 0.0, Sum: 0.0]
      [Code Root Scanning (ms): Min: 0.0, Avg: 0.2, Max: 0.5, Diff: 0.4, Sum: 0.5]
      [Object Copy (ms): Min: 2.8, Avg: 3.0, Max: 3.1, Diff: 0.3, Sum: 5.9]
      [Termination (ms): Min: 0.0, Avg: 0.0, Max: 0.0, Diff: 0.0, Sum: 0.0]
         [Termination Attempts: Min: 1, Avg: 1.0, Max: 1, Diff: 0, Sum: 2]
      [GC Worker Other (ms): Min: 0.0, Avg: 0.0, Max: 0.0, Diff: 0.0, Sum: 0.0]
      [GC Worker Total (ms): Min: 4.9, Avg: 4.9, Max: 4.9, Diff: 0.0, Sum: 9.8]
      [GC Worker End (ms): Min: 20339819.1, Avg: 20339819.1, Max: 20339819.1, Diff: 0.0]
   [Code Root Fixup: 0.1 ms]
   [Code Root Purge: 0.0 ms]
   [Clear CT: 0.1 ms]
   [Other: 5.3 ms]
      [Choose CSet: 0.0 ms]
      [Ref Proc: 5.0 ms]
      [Ref Enq: 0.0 ms]
      [Redirty Cards: 0.0 ms]
      [Humongous Register: 0.0 ms]
      [Humongous Reclaim: 0.0 ms]
      [Free CSet: 0.1 ms]
   [Eden: 48.0M(48.0M)->0.0B(48.0M) Survivors: 3072.0K->3072.0K Heap: 182.5M(1024.0M)->134.8M(1024.0M)]
 [Times: user=0.01 sys=0.00, real=0.01 secs] 
2017-08-08T06:29:08.482-0700: 23726.654: [GC pause (G1 Evacuation Pause) (young), 0.0121772 secs]
   [Parallel Time: 10.6 ms, GC Workers: 2]
      [GC Worker Start (ms): Min: 23726654.3, Avg: 23726656.1, Max: 23726657.8, Diff: 3.5]
      [Ext Root Scanning (ms): Min: 0.0, Avg: 1.0, Max: 2.0, Diff: 2.0, Sum: 2.0]
      [Update RS (ms): Min: 0.0, Avg: 3.6, Max: 7.1, Diff: 7.0, Sum: 7.1]
         [Processed Buffers: Min: 2, Avg: 5.5, Max: 9, Diff: 7, Sum: 11]
      [Scan RS (ms): Min: 0.0, Avg: 0.0, Max: 0.0, Diff: 0.0, Sum: 0.0]
      [Code Root Scanning (ms): Min: 0.0, Avg: 0.2, Max: 0.5, Diff: 0.5, Sum: 0.5]
      [Object Copy (ms): Min: 1.4, Avg: 3.2, Max: 5.0, Diff: 3.6, Sum: 6.3]
      [Termination (ms): Min: 0.0, Avg: 0.7, Max: 1.4, Diff: 1.4, Sum: 1.4]
         [Termination Attempts: Min: 1, Avg: 1.0, Max: 1, Diff: 0, Sum: 2]
      [GC Worker Other (ms): Min: 0.0, Avg: 0.0, Max: 0.0, Diff: 0.0, Sum: 0.1]
      [GC Worker Total (ms): Min: 7.0, Avg: 8.7, Max: 10.5, Diff: 3.5, Sum: 17.4]
      [GC Worker End (ms): Min: 23726664.8, Avg: 23726664.8, Max: 23726664.8, Diff: 0.0]
   [Code Root Fixup: 0.2 ms]
   [Code Root Purge: 0.0 ms]
   [Clear CT: 0.1 ms]
   [Other: 1.4 ms]
      [Choose CSet: 0.0 ms]
      [Ref Proc: 0.9 ms]
      [Ref Enq: 0.0 ms]
      [Redirty Cards: 0.1 ms]
      [Humongous Register: 0.0 ms]
      [Humongous Reclaim: 0.0 ms]
      [Free CSet: 0.1 ms]
   [Eden: 48.0M(48.0M)->0.0B(49.0M) Survivors: 3072.0K->2048.0K Heap: 182.8M(1024.0M)->134.0M(1024.0M)]
 [Times: user=0.02 sys=0.00, real=0.02 secs] 
2017-08-08T07:26:48.556-0700: 27186.728: [GC pause (G1 Evacuation Pause) (young), 0.0331541 secs]
   [Parallel Time: 30.4 ms, GC Workers: 2]
      [GC Worker Start (ms): Min: 27186728.0, Avg: 27186728.0, Max: 27186728.0, Diff: 0.0]
      [Ext Root Scanning (ms): Min: 1.2, Avg: 1.2, Max: 1.3, Diff: 0.1, Sum: 2.5]
      [Update RS (ms): Min: 0.3, Avg: 0.3, Max: 0.4, Diff: 0.1, Sum: 0.7]
         [Processed Buffers: Min: 1, Avg: 7.0, Max: 13, Diff: 12, Sum: 14]
      [Scan RS (ms): Min: 0.5, Avg: 9.8, Max: 19.1, Diff: 18.6, Sum: 19.7]
      [Code Root Scanning (ms): Min: 0.0, Avg: 0.3, Max: 0.5, Diff: 0.5, Sum: 0.5]
      [Object Copy (ms): Min: 1.0, Avg: 3.1, Max: 5.3, Diff: 4.2, Sum: 6.3]
      [Termination (ms): Min: 0.0, Avg: 6.8, Max: 13.7, Diff: 13.7, Sum: 13.7]
         [Termination Attempts: Min: 1, Avg: 1.0, Max: 1, Diff: 0, Sum: 2]
      [GC Worker Other (ms): Min: 0.0, Avg: 0.0, Max: 0.0, Diff: 0.0, Sum: 0.0]
      [GC Worker Total (ms): Min: 21.7, Avg: 21.7, Max: 21.7, Diff: 0.1, Sum: 43.4]
      [GC Worker End (ms): Min: 27186749.7, Avg: 27186749.7, Max: 27186749.7, Diff: 0.0]
   [Code Root Fixup: 0.2 ms]
   [Code Root Purge: 0.0 ms]
   [Clear CT: 0.1 ms]
   [Other: 2.4 ms]
      [Choose CSet: 0.0 ms]
      [Ref Proc: 2.0 ms]
      [Ref Enq: 0.0 ms]
      [Redirty Cards: 0.1 ms]
      [Humongous Register: 0.0 ms]
      [Humongous Reclaim: 0.0 ms]
      [Free CSet: 0.1 ms]
   [Eden: 49.0M(49.0M)->0.0B(48.0M) Survivors: 2048.0K->3072.0K Heap: 183.0M(1024.0M)->134.5M(1024.0M)]
 [Times: user=0.03 sys=0.00, real=0.04 secs] 
2017-08-08T08:21:53.584-0700: 30491.755: [GC pause (G1 Evacuation Pause) (young), 0.0166398 secs]
   [Parallel Time: 11.6 ms, GC Workers: 2]
      [GC Worker Start (ms): Min: 30491758.9, Avg: 30491759.8, Max: 30491760.6, Diff: 1.7]
      [Ext Root Scanning (ms): Min: 1.0, Avg: 3.0, Max: 5.0, Diff: 3.9, Sum: 6.0]
      [Update RS (ms): Min: 0.0, Avg: 0.6, Max: 1.2, Diff: 1.2, Sum: 1.2]
         [Processed Buffers: Min: 0, Avg: 5.5, Max: 11, Diff: 11, Sum: 11]
      [Scan RS (ms): Min: 0.0, Avg: 0.0, Max: 0.0, Diff: 0.0, Sum: 0.0]
      [Code Root Scanning (ms): Min: 0.0, Avg: 1.4, Max: 2.8, Diff: 2.7, Sum: 2.8]
      [Object Copy (ms): Min: 3.6, Avg: 4.5, Max: 5.3, Diff: 1.8, Sum: 8.9]
      [Termination (ms): Min: 0.0, Avg: 0.0, Max: 0.0, Diff: 0.0, Sum: 0.0]
         [Termination Attempts: Min: 1, Avg: 1.0, Max: 1, Diff: 0, Sum: 2]
      [GC Worker Other (ms): Min: 0.0, Avg: 0.0, Max: 0.0, Diff: 0.0, Sum: 0.0]
      [GC Worker Total (ms): Min: 8.6, Avg: 9.5, Max: 10.4, Diff: 1.7, Sum: 19.0]
      [GC Worker End (ms): Min: 30491769.3, Avg: 30491769.3, Max: 30491769.3, Diff: 0.0]
   [Code Root Fixup: 0.2 ms]
   [Code Root Purge: 1.1 ms]
   [Clear CT: 0.1 ms]
   [Other: 3.7 ms]
      [Choose CSet: 0.0 ms]
      [Ref Proc: 1.2 ms]
      [Ref Enq: 0.0 ms]
      [Redirty Cards: 0.1 ms]
      [Humongous Register: 2.2 ms]
      [Humongous Reclaim: 0.0 ms]
      [Free CSet: 0.1 ms]
   [Eden: 48.0M(48.0M)->0.0B(48.0M) Survivors: 3072.0K->3072.0K Heap: 182.5M(1024.0M)->134.8M(1024.0M)]
 [Times: user=0.02 sys=0.00, real=0.03 secs] 
2017-08-08T09:18:38.793-0700: 33896.965: [GC pause (G1 Evacuation Pause) (young), 0.0074501 secs]
   [Parallel Time: 5.2 ms, GC Workers: 2]
      [GC Worker Start (ms): Min: 33896965.3, Avg: 33896965.3, Max: 33896965.3, Diff: 0.0]
      [Ext Root Scanning (ms): Min: 1.1, Avg: 1.1, Max: 1.2, Diff: 0.2, Sum: 2.3]
      [Update RS (ms): Min: 0.5, Avg: 0.7, Max: 0.8, Diff: 0.3, Sum: 1.3]
         [Processed Buffers: Min: 1, Avg: 5.0, Max: 9, Diff: 8, Sum: 10]
      [Scan RS (ms): Min: 0.0, Avg: 0.0, Max: 0.0, Diff: 0.0, Sum: 0.0]
      [Code Root Scanning (ms): Min: 0.0, Avg: 0.3, Max: 0.6, Diff: 0.6, Sum: 0.6]
      [Object Copy (ms): Min: 2.9, Avg: 3.0, Max: 3.1, Diff: 0.2, Sum: 6.0]
      [Termination (ms): Min: 0.0, Avg: 0.0, Max: 0.0, Diff: 0.0, Sum: 0.0]
         [Termination Attempts: Min: 1, Avg: 1.0, Max: 1, Diff: 0, Sum: 2]
      [GC Worker Other (ms): Min: 0.0, Avg: 0.0, Max: 0.0, Diff: 0.0, Sum: 0.0]
      [GC Worker Total (ms): Min: 5.1, Avg: 5.1, Max: 5.1, Diff: 0.0, Sum: 10.2]
      [GC Worker End (ms): Min: 33896970.4, Avg: 33896970.4, Max: 33896970.4, Diff: 0.0]
   [Code Root Fixup: 0.2 ms]
   [Code Root Purge: 0.0 ms]
   [Clear CT: 0.7 ms]
   [Other: 1.3 ms]
      [Choose CSet: 0.0 ms]
      [Ref Proc: 0.7 ms]
      [Ref Enq: 0.0 ms]
      [Redirty Cards: 0.3 ms]
      [Humongous Register: 0.0 ms]
      [Humongous Reclaim: 0.0 ms]
      [Free CSet: 0.1 ms]
   [Eden: 48.0M(48.0M)->0.0B(48.0M) Survivors: 3072.0K->3072.0K Heap: 182.8M(1024.0M)->134.7M(1024.0M)]
 [Times: user=0.01 sys=0.01, real=0.01 secs] 
2017-08-08T10:15:38.554-0700: 37316.726: [GC pause (G1 Evacuation Pause) (young), 0.0065409 secs]
   [Parallel Time: 5.1 ms, GC Workers: 2]
      [GC Worker Start (ms): Min: 37316726.0, Avg: 37316726.0, Max: 37316726.0, Diff: 0.0]
      [Ext Root Scanning (ms): Min: 1.0, Avg: 1.1, Max: 1.1, Diff: 0.1, Sum: 2.1]
      [Update RS (ms): Min: 0.5, Avg: 0.6, Max: 0.8, Diff: 0.3, Sum: 1.3]
         [Processed Buffers: Min: 1, Avg: 4.5, Max: 8, Diff: 7, Sum: 9]
      [Scan RS (ms): Min: 0.0, Avg: 0.0, Max: 0.0, Diff: 0.0, Sum: 0.0]
      [Code Root Scanning (ms): Min: 0.0, Avg: 0.3, Max: 0.6, Diff: 0.6, Sum: 0.6]
      [Object Copy (ms): Min: 2.7, Avg: 3.0, Max: 3.2, Diff: 0.4, Sum: 5.9]
      [Termination (ms): Min: 0.0, Avg: 0.0, Max: 0.0, Diff: 0.0, Sum: 0.0]
         [Termination Attempts: Min: 1, Avg: 1.0, Max: 1, Diff: 0, Sum: 2]
      [GC Worker Other (ms): Min: 0.0, Avg: 0.0, Max: 0.0, Diff: 0.0, Sum: 0.0]
      [GC Worker Total (ms): Min: 5.0, Avg: 5.0, Max: 5.0, Diff: 0.0, Sum: 10.0]
      [GC Worker End (ms): Min: 37316731.0, Avg: 37316731.0, Max: 37316731.0, Diff: 0.0]
   [Code Root Fixup: 0.2 ms]
   [Code Root Purge: 0.0 ms]
   [Clear CT: 0.1 ms]
   [Other: 1.2 ms]
      [Choose CSet: 0.0 ms]
      [Ref Proc: 0.8 ms]
      [Ref Enq: 0.0 ms]
      [Redirty Cards: 0.1 ms]
      [Humongous Register: 0.0 ms]
      [Humongous Reclaim: 0.0 ms]
      [Free CSet: 0.1 ms]
   [Eden: 48.0M(48.0M)->0.0B(48.0M) Survivors: 3072.0K->3072.0K Heap: 182.7M(1024.0M)->134.5M(1024.0M)]
 [Times: user=0.01 sys=0.00, real=0.01 secs] 
2017-08-08T11:12:38.554-0700: 40736.726: [GC pause (G1 Evacuation Pause) (young), 0.0065479 secs]
   [Parallel Time: 5.1 ms, GC Workers: 2]
      [GC Worker Start (ms): Min: 40736726.1, Avg: 40736726.1, Max: 40736726.1, Diff: 0.0]
      [Ext Root Scanning (ms): Min: 1.1, Avg: 1.1, Max: 1.1, Diff: 0.1, Sum: 2.2]
      [Update RS (ms): Min: 0.5, Avg: 0.6, Max: 0.8, Diff: 0.3, Sum: 1.3]
         [Processed Buffers: Min: 1, Avg: 4.5, Max: 8, Diff: 7, Sum: 9]
      [Scan RS (ms): Min: 0.0, Avg: 0.0, Max: 0.1, Diff: 0.1, Sum: 0.1]
      [Code Root Scanning (ms): Min: 0.0, Avg: 0.3, Max: 0.6, Diff: 0.6, Sum: 0.6]
      [Object Copy (ms): Min: 2.7, Avg: 3.0, Max: 3.2, Diff: 0.5, Sum: 5.9]
      [Termination (ms): Min: 0.0, Avg: 0.0, Max: 0.0, Diff: 0.0, Sum: 0.0]
         [Termination Attempts: Min: 1, Avg: 1.0, Max: 1, Diff: 0, Sum: 2]
      [GC Worker Other (ms): Min: 0.0, Avg: 0.0, Max: 0.0, Diff: 0.0, Sum: 0.0]
      [GC Worker Total (ms): Min: 5.0, Avg: 5.1, Max: 5.1, Diff: 0.0, Sum: 10.1]
      [GC Worker End (ms): Min: 40736731.1, Avg: 40736731.1, Max: 40736731.1, Diff: 0.0]
   [Code Root Fixup: 0.2 ms]
   [Code Root Purge: 0.0 ms]
   [Clear CT: 0.1 ms]
   [Other: 1.1 ms]
      [Choose CSet: 0.0 ms]
      [Ref Proc: 0.7 ms]
      [Ref Enq: 0.0 ms]
      [Redirty Cards: 0.1 ms]
      [Humongous Register: 0.0 ms]
      [Humongous Reclaim: 0.0 ms]
      [Free CSet: 0.1 ms]
   [Eden: 48.0M(48.0M)->0.0B(48.0M) Survivors: 3072.0K->3072.0K Heap: 182.5M(1024.0M)->134.4M(1024.0M)]
 [Times: user=0.01 sys=0.00, real=0.01 secs] 
2017-08-08T12:09:32.699-0700: 44150.871: [GC pause (G1 Evacuation Pause) (young), 0.0067296 secs]
   [Parallel Time: 5.4 ms, GC Workers: 2]
      [GC Worker Start (ms): Min: 44150871.4, Avg: 44150871.4, Max: 44150871.4, Diff: 0.0]
      [Ext Root Scanning (ms): Min: 1.0, Avg: 1.1, Max: 1.1, Diff: 0.1, Sum: 2.2]
      [Update RS (ms): Min: 0.7, Avg: 0.7, Max: 0.8, Diff: 0.2, Sum: 1.5]
         [Processed Buffers: Min: 1, Avg: 4.5, Max: 8, Diff: 7, Sum: 9]
      [Scan RS (ms): Min: 0.0, Avg: 0.0, Max: 0.0, Diff: 0.0, Sum: 0.1]
      [Code Root Scanning (ms): Min: 0.0, Avg: 0.3, Max: 0.7, Diff: 0.7, Sum: 0.7]
      [Object Copy (ms): Min: 2.8, Avg: 3.1, Max: 3.4, Diff: 0.7, Sum: 6.2]
      [Termination (ms): Min: 0.0, Avg: 0.0, Max: 0.0, Diff: 0.0, Sum: 0.0]
         [Termination Attempts: Min: 1, Avg: 1.0, Max: 1, Diff: 0, Sum: 2]
      [GC Worker Other (ms): Min: 0.0, Avg: 0.0, Max: 0.0, Diff: 0.0, Sum: 0.0]
      [GC Worker Total (ms): Min: 5.3, Avg: 5.3, Max: 5.3, Diff: 0.0, Sum: 10.6]
      [GC Worker End (ms): Min: 44150876.7, Avg: 44150876.7, Max: 44150876.7, Diff: 0.0]
   [Code Root Fixup: 0.2 ms]
   [Code Root Purge: 0.0 ms]
   [Clear CT: 0.1 ms]
   [Other: 1.1 ms]
      [Choose CSet: 0.0 ms]
      [Ref Proc: 0.7 ms]
      [Ref Enq: 0.0 ms]
      [Redirty Cards: 0.0 ms]
      [Humongous Register: 0.0 ms]
      [Humongous Reclaim: 0.0 ms]
      [Free CSet: 0.1 ms]
   [Eden: 48.0M(48.0M)->0.0B(76.0M) Survivors: 3072.0K->3072.0K Heap: 182.4M(1024.0M)->134.5M(1024.0M)]
 [Times: user=0.01 sys=0.00, real=0.01 secs] 
2017-08-08T13:39:33.554-0700: 49551.726: [GC pause (G1 Evacuation Pause) (young), 0.0077147 secs]
   [Parallel Time: 5.5 ms, GC Workers: 2]
      [GC Worker Start (ms): Min: 49551726.0, Avg: 49551726.1, Max: 49551726.1, Diff: 0.0]
      [Ext Root Scanning (ms): Min: 1.1, Avg: 1.1, Max: 1.1, Diff: 0.1, Sum: 2.2]
      [Update RS (ms): Min: 0.5, Avg: 0.6, Max: 0.8, Diff: 0.3, Sum: 1.3]
         [Processed Buffers: Min: 1, Avg: 5.0, Max: 9, Diff: 8, Sum: 10]
      [Scan RS (ms): Min: 0.0, Avg: 0.0, Max: 0.0, Diff: 0.0, Sum: 0.1]
      [Code Root Scanning (ms): Min: 0.0, Avg: 0.3, Max: 0.7, Diff: 0.7, Sum: 0.7]
      [Object Copy (ms): Min: 3.1, Avg: 3.3, Max: 3.5, Diff: 0.3, Sum: 6.6]
      [Termination (ms): Min: 0.0, Avg: 0.0, Max: 0.0, Diff: 0.0, Sum: 0.0]
         [Termination Attempts: Min: 1, Avg: 1.0, Max: 1, Diff: 0, Sum: 2]
      [GC Worker Other (ms): Min: 0.0, Avg: 0.0, Max: 0.0, Diff: 0.0, Sum: 0.0]
      [GC Worker Total (ms): Min: 5.4, Avg: 5.4, Max: 5.5, Diff: 0.0, Sum: 10.9]
      [GC Worker End (ms): Min: 49551731.5, Avg: 49551731.5, Max: 49551731.5, Diff: 0.0]
   [Code Root Fixup: 0.2 ms]
   [Code Root Purge: 0.0 ms]
   [Clear CT: 0.1 ms]
   [Other: 1.9 ms]
      [Choose CSet: 0.0 ms]
      [Ref Proc: 1.5 ms]
      [Ref Enq: 0.0 ms]
      [Redirty Cards: 0.1 ms]
      [Humongous Register: 0.0 ms]
      [Humongous Reclaim: 0.0 ms]
      [Free CSet: 0.1 ms]
   [Eden: 76.0M(76.0M)->0.0B(463.0M) Survivors: 3072.0K->3072.0K Heap: 210.5M(1024.0M)->134.4M(1024.0M)]
 [Times: user=0.01 sys=0.00, real=0.01 secs] 
2017-08-08T22:47:38.811-0700: 82436.996: [GC pause (G1 Evacuation Pause) (young), 0.2611125 secs]
   [Parallel Time: 92.7 ms, GC Workers: 2]
      [GC Worker Start (ms): Min: 82437060.4, Avg: 82437060.4, Max: 82437060.4, Diff: 0.0]
      [Ext Root Scanning (ms): Min: 17.7, Avg: 24.9, Max: 32.1, Diff: 14.3, Sum: 49.8]
      [Update RS (ms): Min: 1.4, Avg: 1.5, Max: 1.7, Diff: 0.3, Sum: 3.1]
         [Processed Buffers: Min: 1, Avg: 5.0, Max: 9, Diff: 8, Sum: 10]
      [Scan RS (ms): Min: 0.2, Avg: 0.2, Max: 0.2, Diff: 0.0, Sum: 0.5]
      [Code Root Scanning (ms): Min: 0.1, Avg: 0.4, Max: 0.7, Diff: 0.7, Sum: 0.8]
      [Object Copy (ms): Min: 43.8, Avg: 50.8, Max: 57.8, Diff: 13.9, Sum: 101.6]
      [Termination (ms): Min: 0.0, Avg: 0.0, Max: 0.0, Diff: 0.0, Sum: 0.0]
         [Termination Attempts: Min: 1, Avg: 1.0, Max: 1, Diff: 0, Sum: 2]
      [GC Worker Other (ms): Min: 0.0, Avg: 0.0, Max: 0.0, Diff: 0.0, Sum: 0.1]
      [GC Worker Total (ms): Min: 77.9, Avg: 77.9, Max: 77.9, Diff: 0.0, Sum: 155.8]
      [GC Worker End (ms): Min: 82437138.3, Avg: 82437138.3, Max: 82437138.3, Diff: 0.0]
   [Code Root Fixup: 0.2 ms]
   [Code Root Purge: 14.5 ms]
   [Clear CT: 17.6 ms]
   [Other: 136.1 ms]
      [Choose CSet: 0.0 ms]
      [Ref Proc: 6.2 ms]
      [Ref Enq: 0.2 ms]
      [Redirty Cards: 0.1 ms]
      [Humongous Register: 1.3 ms]
      [Humongous Reclaim: 0.0 ms]
      [Free CSet: 52.5 ms]
   [Eden: 463.0M(463.0M)->0.0B(49.0M) Survivors: 3072.0K->2048.0K Heap: 597.4M(1024.0M)->135.1M(1024.0M)]
 [Times: user=0.00 sys=0.03, real=0.29 secs] 
2017-08-08T23:45:58.554-0700: 85936.726: [GC pause (G1 Evacuation Pause) (young), 0.0077499 secs]
   [Parallel Time: 6.3 ms, GC Workers: 2]
      [GC Worker Start (ms): Min: 85936726.0, Avg: 85936727.5, Max: 85936728.9, Diff: 2.9]
      [Ext Root Scanning (ms): Min: 0.0, Avg: 0.9, Max: 1.7, Diff: 1.7, Sum: 1.7]
      [Update RS (ms): Min: 2.6, Avg: 3.0, Max: 3.3, Diff: 0.7, Sum: 6.0]
         [Processed Buffers: Min: 4, Avg: 8.0, Max: 12, Diff: 8, Sum: 16]
      [Scan RS (ms): Min: 0.0, Avg: 0.0, Max: 0.0, Diff: 0.0, Sum: 0.0]
      [Code Root Scanning (ms): Min: 0.0, Avg: 0.2, Max: 0.3, Diff: 0.3, Sum: 0.3]
      [Object Copy (ms): Min: 0.6, Avg: 0.7, Max: 0.8, Diff: 0.2, Sum: 1.4]
      [Termination (ms): Min: 0.0, Avg: 0.0, Max: 0.0, Diff: 0.0, Sum: 0.0]
         [Termination Attempts: Min: 1, Avg: 1.0, Max: 1, Diff: 0, Sum: 2]
      [GC Worker Other (ms): Min: 0.0, Avg: 0.0, Max: 0.0, Diff: 0.0, Sum: 0.0]
      [GC Worker Total (ms): Min: 3.3, Avg: 4.7, Max: 6.2, Diff: 2.9, Sum: 9.5]
      [GC Worker End (ms): Min: 85936732.2, Avg: 85936732.2, Max: 85936732.2, Diff: 0.0]
   [Code Root Fixup: 0.1 ms]
   [Code Root Purge: 0.0 ms]
   [Clear CT: 0.1 ms]
   [Other: 1.2 ms]
      [Choose CSet: 0.0 ms]
      [Ref Proc: 0.8 ms]
      [Ref Enq: 0.0 ms]
      [Redirty Cards: 0.1 ms]
      [Humongous Register: 0.0 ms]
      [Humongous Reclaim: 0.0 ms]
      [Free CSet: 0.1 ms]
   [Eden: 49.0M(49.0M)->0.0B(49.0M) Survivors: 2048.0K->2048.0K Heap: 184.1M(1024.0M)->134.9M(1024.0M)]
 [Times: user=0.01 sys=0.00, real=0.01 secs] 
2017-08-09T00:44:08.554-0700: 89426.726: [GC pause (G1 Evacuation Pause) (young), 0.0040286 secs]
   [Parallel Time: 2.7 ms, GC Workers: 2]
      [GC Worker Start (ms): Min: 89426726.1, Avg: 89426726.1, Max: 89426726.1, Diff: 0.0]
      [Ext Root Scanning (ms): Min: 1.0, Avg: 1.0, Max: 1.0, Diff: 0.0, Sum: 2.0]
      [Update RS (ms): Min: 0.7, Avg: 0.8, Max: 0.9, Diff: 0.1, Sum: 1.6]
         [Processed Buffers: Min: 1, Avg: 11.5, Max: 22, Diff: 21, Sum: 23]
      [Scan RS (ms): Min: 0.0, Avg: 0.0, Max: 0.0, Diff: 0.0, Sum: 0.0]
      [Code Root Scanning (ms): Min: 0.0, Avg: 0.1, Max: 0.2, Diff: 0.2, Sum: 0.2]
      [Object Copy (ms): Min: 0.7, Avg: 0.7, Max: 0.7, Diff: 0.1, Sum: 1.4]
      [Termination (ms): Min: 0.0, Avg: 0.0, Max: 0.0, Diff: 0.0, Sum: 0.0]
         [Termination Attempts: Min: 1, Avg: 1.0, Max: 1, Diff: 0, Sum: 2]
      [GC Worker Other (ms): Min: 0.0, Avg: 0.0, Max: 0.0, Diff: 0.0, Sum: 0.0]
      [GC Worker Total (ms): Min: 2.6, Avg: 2.6, Max: 2.6, Diff: 0.0, Sum: 5.3]
      [GC Worker End (ms): Min: 89426728.7, Avg: 89426728.7, Max: 89426728.7, Diff: 0.0]
   [Code Root Fixup: 0.2 ms]
   [Code Root Purge: 0.0 ms]
   [Clear CT: 0.1 ms]
   [Other: 1.1 ms]
      [Choose CSet: 0.0 ms]
      [Ref Proc: 0.8 ms]
      [Ref Enq: 0.0 ms]
      [Redirty Cards: 0.0 ms]
      [Humongous Register: 0.0 ms]
      [Humongous Reclaim: 0.0 ms]
      [Free CSet: 0.1 ms]
   [Eden: 49.0M(49.0M)->0.0B(50.0M) Survivors: 2048.0K->1024.0K Heap: 183.9M(1024.0M)->134.2M(1024.0M)]
 [Times: user=0.00 sys=0.00, real=0.01 secs] 
2017-08-09T01:43:31.249-0700: 92989.420: [GC pause (G1 Evacuation Pause) (young), 0.0048293 secs]
   [Parallel Time: 2.8 ms, GC Workers: 2]
      [GC Worker Start (ms): Min: 92989420.6, Avg: 92989420.6, Max: 92989420.6, Diff: 0.0]
      [Ext Root Scanning (ms): Min: 1.0, Avg: 1.0, Max: 1.0, Diff: 0.0, Sum: 2.0]
      [Update RS (ms): Min: 0.7, Avg: 0.8, Max: 0.9, Diff: 0.2, Sum: 1.6]
         [Processed Buffers: Min: 1, Avg: 10.5, Max: 20, Diff: 19, Sum: 21]
      [Scan RS (ms): Min: 0.0, Avg: 0.0, Max: 0.0, Diff: 0.0, Sum: 0.0]
      [Code Root Scanning (ms): Min: 0.0, Avg: 0.1, Max: 0.2, Diff: 0.2, Sum: 0.2]
      [Object Copy (ms): Min: 0.7, Avg: 0.7, Max: 0.7, Diff: 0.0, Sum: 1.4]
      [Termination (ms): Min: 0.0, Avg: 0.0, Max: 0.0, Diff: 0.0, Sum: 0.0]
         [Termination Attempts: Min: 1, Avg: 1.0, Max: 1, Diff: 0, Sum: 2]
      [GC Worker Other (ms): Min: 0.0, Avg: 0.0, Max: 0.0, Diff: 0.0, Sum: 0.0]
      [GC Worker Total (ms): Min: 2.7, Avg: 2.7, Max: 2.7, Diff: 0.0, Sum: 5.4]
      [GC Worker End (ms): Min: 92989423.3, Avg: 92989423.3, Max: 92989423.3, Diff: 0.0]
   [Code Root Fixup: 0.1 ms]
   [Code Root Purge: 0.0 ms]
   [Clear CT: 0.1 ms]
   [Other: 1.9 ms]
      [Choose CSet: 0.0 ms]
      [Ref Proc: 0.7 ms]
      [Ref Enq: 0.0 ms]
      [Redirty Cards: 0.8 ms]
      [Humongous Register: 0.0 ms]
      [Humongous Reclaim: 0.0 ms]
      [Free CSet: 0.1 ms]
   [Eden: 50.0M(50.0M)->0.0B(50.0M) Survivors: 1024.0K->1024.0K Heap: 184.2M(1024.0M)->134.2M(1024.0M)]
 [Times: user=0.01 sys=0.00, real=0.00 secs] 
2017-08-09T02:42:43.554-0700: 96541.726: [GC pause (G1 Evacuation Pause) (young), 0.0076869 secs]
   [Parallel Time: 5.0 ms, GC Workers: 2]
      [GC Worker Start (ms): Min: 96541726.0, Avg: 96541728.4, Max: 96541730.8, Diff: 4.9]
      [Ext Root Scanning (ms): Min: 0.0, Avg: 0.8, Max: 1.6, Diff: 1.6, Sum: 1.6]
      [Update RS (ms): Min: 0.0, Avg: 1.0, Max: 2.0, Diff: 2.0, Sum: 2.0]
         [Processed Buffers: Min: 0, Avg: 11.0, Max: 22, Diff: 22, Sum: 22]
      [Scan RS (ms): Min: 0.0, Avg: 0.0, Max: 0.0, Diff: 0.0, Sum: 0.0]
      [Code Root Scanning (ms): Min: 0.0, Avg: 0.1, Max: 0.1, Diff: 0.1, Sum: 0.1]
      [Object Copy (ms): Min: 0.0, Avg: 0.3, Max: 0.6, Diff: 0.6, Sum: 0.6]
      [Termination (ms): Min: 0.0, Avg: 0.3, Max: 0.6, Diff: 0.6, Sum: 0.6]
         [Termination Attempts: Min: 1, Avg: 1.0, Max: 1, Diff: 0, Sum: 2]
      [GC Worker Other (ms): Min: 0.0, Avg: 0.0, Max: 0.0, Diff: 0.0, Sum: 0.0]
      [GC Worker Total (ms): Min: 0.0, Avg: 2.5, Max: 4.9, Diff: 4.9, Sum: 5.0]
      [GC Worker End (ms): Min: 96541730.9, Avg: 96541730.9, Max: 96541730.9, Diff: 0.0]
   [Code Root Fixup: 0.1 ms]
   [Code Root Purge: 0.0 ms]
   [Clear CT: 0.1 ms]
   [Other: 2.5 ms]
      [Choose CSet: 0.0 ms]
      [Ref Proc: 2.2 ms]
      [Ref Enq: 0.0 ms]
      [Redirty Cards: 0.1 ms]
      [Humongous Register: 0.0 ms]
      [Humongous Reclaim: 0.0 ms]
      [Free CSet: 0.1 ms]
   [Eden: 50.0M(50.0M)->0.0B(50.0M) Survivors: 1024.0K->1024.0K Heap: 184.2M(1024.0M)->134.1M(1024.0M)]
 [Times: user=0.01 sys=0.00, real=0.01 secs] 
2017-08-09T03:42:08.554-0700: 100106.726: [GC pause (G1 Evacuation Pause) (young), 0.0030888 secs]
   [Parallel Time: 1.8 ms, GC Workers: 2]
      [GC Worker Start (ms): Min: 100106726.0, Avg: 100106726.1, Max: 100106726.1, Diff: 0.1]
      [Ext Root Scanning (ms): Min: 0.9, Avg: 1.0, Max: 1.0, Diff: 0.1, Sum: 1.9]
      [Update RS (ms): Min: 0.2, Avg: 0.2, Max: 0.3, Diff: 0.0, Sum: 0.5]
         [Processed Buffers: Min: 2, Avg: 15.0, Max: 28, Diff: 26, Sum: 30]
      [Scan RS (ms): Min: 0.0, Avg: 0.0, Max: 0.0, Diff: 0.0, Sum: 0.0]
      [Code Root Scanning (ms): Min: 0.0, Avg: 0.1, Max: 0.1, Diff: 0.1, Sum: 0.1]
      [Object Copy (ms): Min: 0.4, Avg: 0.4, Max: 0.5, Diff: 0.1, Sum: 0.8]
      [Termination (ms): Min: 0.0, Avg: 0.0, Max: 0.0, Diff: 0.0, Sum: 0.0]
         [Termination Attempts: Min: 1, Avg: 1.0, Max: 1, Diff: 0, Sum: 2]
      [GC Worker Other (ms): Min: 0.0, Avg: 0.0, Max: 0.0, Diff: 0.0, Sum: 0.0]
      [GC Worker Total (ms): Min: 1.7, Avg: 1.7, Max: 1.8, Diff: 0.1, Sum: 3.4]
      [GC Worker End (ms): Min: 100106727.8, Avg: 100106727.8, Max: 100106727.8, Diff: 0.0]
   [Code Root Fixup: 0.1 ms]
   [Code Root Purge: 0.0 ms]
   [Clear CT: 0.1 ms]
   [Other: 1.1 ms]
      [Choose CSet: 0.0 ms]
      [Ref Proc: 0.7 ms]
      [Ref Enq: 0.0 ms]
      [Redirty Cards: 0.1 ms]
      [Humongous Register: 0.0 ms]
      [Humongous Reclaim: 0.0 ms]
      [Free CSet: 0.1 ms]
   [Eden: 50.0M(50.0M)->0.0B(50.0M) Survivors: 1024.0K->1024.0K Heap: 184.1M(1024.0M)->134.2M(1024.0M)]
 [Times: user=0.00 sys=0.00, real=0.01 secs] 
2017-08-09T04:41:33.962-0700: 103672.134: [GC pause (G1 Evacuation Pause) (young), 0.0202277 secs]
   [Parallel Time: 18.6 ms, GC Workers: 2]
      [GC Worker Start (ms): Min: 103672133.7, Avg: 103672133.7, Max: 103672133.7, Diff: 0.0]
      [Ext Root Scanning (ms): Min: 17.9, Avg: 17.9, Max: 18.0, Diff: 0.1, Sum: 35.8]
      [Update RS (ms): Min: 0.2, Avg: 0.2, Max: 0.2, Diff: 0.1, Sum: 0.4]
         [Processed Buffers: Min: 10, Avg: 16.0, Max: 22, Diff: 12, Sum: 32]
      [Scan RS (ms): Min: 0.0, Avg: 0.0, Max: 0.0, Diff: 0.0, Sum: 0.0]
      [Code Root Scanning (ms): Min: 0.0, Avg: 0.0, Max: 0.1, Diff: 0.1, Sum: 0.1]
      [Object Copy (ms): Min: 0.3, Avg: 0.3, Max: 0.3, Diff: 0.1, Sum: 0.6]
      [Termination (ms): Min: 0.0, Avg: 0.0, Max: 0.0, Diff: 0.0, Sum: 0.0]
         [Termination Attempts: Min: 1, Avg: 1.0, Max: 1, Diff: 0, Sum: 2]
      [GC Worker Other (ms): Min: 0.0, Avg: 0.0, Max: 0.0, Diff: 0.0, Sum: 0.0]
      [GC Worker Total (ms): Min: 18.5, Avg: 18.5, Max: 18.5, Diff: 0.0, Sum: 37.0]
      [GC Worker End (ms): Min: 103672152.2, Avg: 103672152.2, Max: 103672152.2, Diff: 0.0]
   [Code Root Fixup: 0.1 ms]
   [Code Root Purge: 0.0 ms]
   [Clear CT: 0.6 ms]
   [Other: 1.0 ms]
      [Choose CSet: 0.0 ms]
      [Ref Proc: 0.6 ms]
      [Ref Enq: 0.0 ms]
      [Redirty Cards: 0.0 ms]
      [Humongous Register: 0.0 ms]
      [Humongous Reclaim: 0.0 ms]
      [Free CSet: 0.1 ms]
   [Eden: 50.0M(50.0M)->0.0B(50.0M) Survivors: 1024.0K->1024.0K Heap: 184.2M(1024.0M)->134.1M(1024.0M)]
 [Times: user=0.00 sys=0.00, real=0.03 secs] 
